Microchip MPLAB XC8 Compiler V2.32

Linker command line:

-W-3 --edf=C:\Program Files\Microchip\xc8\v2.32\pic\dat\en_msgs.txt -cn \
  -h+dist/default/production\HTAD_Unificada.X.production.sym \
  --cmf=dist/default/production\HTAD_Unificada.X.production.cmf -z \
  -Q18F25K22 -oC:\Users\FLAVIO~1.LUC\AppData\Local\Temp\xcAsbls.4 \
  --defsym=__MPLAB_BUILD=1 \
  -Mdist/default/production/HTAD_Unificada.X.production.map -E1 \
  -ver=XC8 Compiler --acfsm=1493 -ASTACK=0464h-05FFh -pstack=STACK \
  -ACODE=00h-07FFFh -ACONST=00h-07FFFh -ASMALLCONST=0600h-06FFhx122 \
  -AMEDIUMCONST=0600h-07FFFh -ACOMRAM=01h-05Fh -AABS1=00h-05FFh \
  -ABIGRAM=01h-05FFh -ARAM=060h-0FFh,0100h-01FFhx5 -ABANK0=060h-0FFh \
  -ABANK1=0100h-01FFh -ABANK2=0200h-02FFh -ABANK3=0300h-03FFh \
  -ABANK4=0400h-04FFh -ABANK5=0500h-05FFh -ASFR=0F38h-0F5Fh,0F60h-0FFFh \
  -ACONFIG=0300000h-030000Dh -AIDLOC=0200000h-0200007h \
  -AEEDATA=0F00000h-0F000FFh -peeprom_data=EEDATA \
  -preset_vec=00h,intcode=08h,intcodelo,powerup,init -pramtop=0600h \
  -psmallconst=SMALLCONST -pmediumconst=MEDIUMCONST -pconst=CONST \
  -AFARRAM=00h-00h \
  -prdata=COMRAM,nvrram=COMRAM,nvbit=COMRAM,rbss=COMRAM,rbit=COMRAM \
  -pfarbss=FARRAM,fardata=FARRAM,nvFARRAM=FARRAM \
  -pintsave_regs=BIGRAM,bigbss=BIGRAM,bigdata=BIGRAM -pbss=RAM \
  -pidata=CODE,irdata=CODE,ibigdata=CODE,ifardata=CODE -prparam=COMRAM \
  C:\Users\FLAVIO~1.LUC\AppData\Local\Temp\xcAsbls.o \
  dist/default/production\HTAD_Unificada.X.production.o 

Object code version is 3.11

Machine type is 18F25K22



                Name                               Link     Load   Length Selector   Space Scale
C:\Users\FLAVIO~1.LUC\AppData\Local\Temp\xcAsbls.o
                idloc                            200000   200000        8        0       5
                config                           300000   300000        E        0       4
                init                                 9C       9C        4        4       0
                reset_vec                             0        0        4        0       0
dist/default/production\HTAD_Unificada.X.production.o
                intcode                               8        8       94        4       0
                idloc                            200000   200000        8        0       5
                config                           300000   300000        E        0       4
                temp                                 56       56        1        1       1
                smallconst                          600      600       EC      300       0
                text162                            6D90     6D90       56      376       0
                text161                            761E     761E       18      376       0
                text160                            758C     758C       1A      376       0
                text159                            6E86     6E86       4C      376       0
                text158                            7428     7428       2C      376       0
                text157                            77C0     77C0        6      376       0
                text156                            7808     7808        2     3C01       0
                text155                            77BA     77BA        6      376       0
                text154                            5D2A     5D2A       C6      376       0
                text153                            7806     7806        2     3C01       0
                text152                            7128     7128       3C      376       0
                text151                            7164     7164       3A      376       0
                text149                            7804     7804        2     3C01       0
                text148                            76F4     76F4        E      376       0
                text147                            77FA     77FA        4      376       0
                text146                            77F6     77F6        4      376       0
                text145                            77F2     77F2        4      376       0
                text144                            73FC     73FC       2C      376       0
                text143                            77EE     77EE        4      376       0
                text142                            77EA     77EA        4      376       0
                text141                            77E6     77E6        4      376       0
                text140                            747A     747A       24      376       0
                text139                            67B6     67B6       7A      376       0
                text138                            7606     7606       18      376       0
                text137                            73D0     73D0       2C      376       0
                text136                            73A4     73A4       2C      376       0
                text135                            7378     7378       2C      376       0
                text134                            734C     734C       2C      376       0
                text133                            70E8     70E8       40      376       0
                text132                            77E2     77E2        4      376       0
                text131                            77DE     77DE        4      376       0
                text130                            70A8     70A8       40      376       0
                text129                            77DA     77DA        4      376       0
                text128                            77B4     77B4        6      376       0
                text127                            77D6     77D6        4      376       0
                text126                            77AE     77AE        6      376       0
                text125                            77A0     77A0        8      376       0
                text124                            769E     769E       14      376       0
                text123                            77D2     77D2        4      376       0
                text122                            6738     6738       7E      376       0
                text121                            771A     771A        C      376       0
                text120                            76E4     76E4       10      376       0
                text119                            76D4     76D4       10      376       0
                text118                            5C62     5C62       C8      376       0
                text117                            643E     643E       A8      376       0
                text116                            770E     770E        C      376       0
                text115                            7798     7798        8      376       0
                text114                            7790     7790        8      376       0
                text113                            7788     7788        8      376       0
                text112                            7780     7780        8      376       0
                text111                            7778     7778        8      376       0
                text110                            7770     7770        8      376       0
                text109                            7768     7768        8      376       0
                text108                            7702     7702        C      376       0
                text107                            690C     690C       6C      376       0
                text106                            6A4C     6A4C       64      376       0
                text105                            76C4     76C4       10      376       0
                text104                            7538     7538       1E      376       0
                text103                            6FA4     6FA4       44      376       0
                text102                            7760     7760        8      376       0
                text101                            749E     749E       22      376       0
                text100                            6620     6620       8E      376       0
                text99                             75EE     75EE       18      376       0
                text98                             513C     513C      106      376       0
                text97                             7758     7758        8      376       0
                text96                             6D38     6D38       58      376       0
                text95                             6ED2     6ED2       48      376       0
                text94                             3B7C     3B7C      39C      376       0
                text93                             3752     3752      42A      376       0
                text92                             2E62     2E62      4C0      376       0
                text91                             6F1A     6F1A       46      376       0
                text90                             64E6     64E6       A4      376       0
                text89                             440C     440C      1B4      376       0
                text88                             226E     226E      652      376       0
                text87                             4E08     4E08      124      376       0
                text86                             6CE0     6CE0       58      376       0
                text85                             6C2A     6C2A       5C      376       0
                text84                             751A     751A       1E      376       0
                text83                             582C     582C       EC      376       0
                text82                             75D6     75D6       18      376       0
                text81                             77A8     77A8        6      376       0
                text80                             5644     5644       F8      376       0
                text79                             76B2     76B2       12      376       0
                text78                             74FC     74FC       1E      376       0
                text77                             774E     774E        A      376       0
                text76                             75BE     75BE       18      376       0
                text75                             72B4     72B4       36      376       0
                text74                             768A     768A       14      376       0
                text73                             7068     7068       40      376       0
                text72                             658A     658A       96      376       0
                text71                             6830     6830       70      376       0
                text70                             69E2     69E2       6A      376       0
                text69                             68A0     68A0       6C      376       0
                text68                             62E8     62E8       AC      376       0
                text67                             623C     623C       AC      376       0
                text66                             6190     6190       AC      376       0
                text65                             573C     573C       F0      376       0
                text64                             7246     7246       38      376       0
                text63                             7028     7028       40      376       0
                text62                             74DE     74DE       1E      376       0
                text61                             7572     7572       1A      376       0
                text60                             4A3C     4A3C      162      376       0
                text59                             7454     7454       26      376       0
                text58                             720E     720E       38      376       0
                text57                             6DE6     6DE6       52      376       0
                text56                             45C0     45C0      190      376       0
                text55                             7802     7802        2     3C01       0
                text54                             5B98     5B98       CA      376       0
                text53                             59EE     59EE       D6      376       0
                text52                             4750     4750      188      376       0
                text51                             48D8     48D8      164      376       0
                text50                             6FE8     6FE8       40      376       0
                text49                             6F60     6F60       44      376       0
                text48                             727E     727E       36      376       0
                text47                             5EB4     5EB4       C2      376       0
                text46                             3F18     3F18      2DE      376       0
                text45                             5DF0     5DF0       C4      376       0
                text44                             6032     6032       B0      376       0
                text43                             6394     6394       AA      376       0
                text42                             5242     5242      104      376       0
                text41                             71D6     71D6       38      376       0
                text40                             5036     5036      106      376       0
                text39                             5546     5546       FE      376       0
                text38                             41F6     41F6      216      376       0
                text37                             6BCE     6BCE       5C      376       0
                text36                             719E     719E       38      376       0
                text35                             6B10     6B10       60      376       0
                text34                              6EC      6EC      C5A      376       0
                text33                             5918     5918       D6      376       0
                text32                             1B0E     1B0E      760      376       0
                text31                             6978     6978       6A      376       0
                text30                             6C86     6C86       5A      376       0
                text29                             5446     5446      100      376       0
                text28                             6E38     6E38       4E      376       0
                text27                             5346     5346      100      376       0
                text26                             5AC4     5AC4       D4      376       0
                text25                             28C0     28C0      5A2      376       0
                text24                             3322     3322      430      376       0
                text23                             764C     764C       16      376       0
                text22                             72EA     72EA       34      376       0
                text21                             5F76     5F76       BC      376       0
                text20                             4F2C     4F2C      10A      376       0
                text19                             7676     7676       14      376       0
                text18                             60E2     60E2       AE      376       0
                text17                             1346     1346      7C8      376       0
                text16                             4B9E     4B9E      13E      376       0
                text15                             77CE     77CE        4      376       0
                text14                             77CA     77CA        4      376       0
                text13                             4CDC     4CDC      12C      376       0
                text12                             6AB0     6AB0       60      376       0
                text11                             7636     7636       16      376       0
                text10                             7744     7744        A      376       0
                text9                              773A     773A        A      376       0
                text8                              7730     7730        A      376       0
                text7                              7726     7726        A      376       0
                text6                              6B70     6B70       5E      376       0
                text5                              7662     7662       14      376       0
                text4                              77C6     77C6        4      376       0
                text3                              7556     7556       1C      376       0
                text2                              731E     731E       2E      376       0
                text1                              74C0     74C0       1E      376       0
                text0                              75A6     75A6       18      376       0
                cstackCOMRAM                          1        1       4C        1       1
                cstackBANK0                          60       60       97       60       1
                cstackBANK1                         1D5      1D5       29      100       1
                bssBANK4                            400      400       64      400       1
                bssBANK3                            300      300       E6      300       1
                bssBANK2                            200      200       FF      200       1
                dataBANK1                           1FE      1FE        1      100       1
                bssBANK1                            100      100       D5      100       1
                dataBANK0                            FA       FA        3       60       1
                bssBANK0                             F7       F7        3       60       1
                bssCOMRAM                            4D       4D        9        1       1
                cinit                              66AE     66AE       8A      376       0
                idataBANK1                         780A     780A        1     3C01       0
                idataBANK0                         77FE     77FE        3      376       0

TOTAL           Name                               Link     Load   Length     Space
        CLASS   STACK          

        CLASS   CODE           
                intcode                               8        8       94         0
                init                                 9C       9C        4         0
                reset_vec                             0        0        4         0
                text162                            6D90     6D90       56         0
                text161                            761E     761E       18         0
                text160                            758C     758C       1A         0
                text159                            6E86     6E86       4C         0
                text158                            7428     7428       2C         0
                text157                            77C0     77C0        6         0
                text156                            7808     7808        2         0
                text155                            77BA     77BA        6         0
                text154                            5D2A     5D2A       C6         0
                text153                            7806     7806        2         0
                text152                            7128     7128       3C         0
                text151                            7164     7164       3A         0
                text149                            7804     7804        2         0
                text148                            76F4     76F4        E         0
                text147                            77FA     77FA        4         0
                text146                            77F6     77F6        4         0
                text145                            77F2     77F2        4         0
                text144                            73FC     73FC       2C         0
                text143                            77EE     77EE        4         0
                text142                            77EA     77EA        4         0
                text141                            77E6     77E6        4         0
                text140                            747A     747A       24         0
                text139                            67B6     67B6       7A         0
                text138                            7606     7606       18         0
                text137                            73D0     73D0       2C         0
                text136                            73A4     73A4       2C         0
                text135                            7378     7378       2C         0
                text134                            734C     734C       2C         0
                text133                            70E8     70E8       40         0
                text132                            77E2     77E2        4         0
                text131                            77DE     77DE        4         0
                text130                            70A8     70A8       40         0
                text129                            77DA     77DA        4         0
                text128                            77B4     77B4        6         0
                text127                            77D6     77D6        4         0
                text126                            77AE     77AE        6         0
                text125                            77A0     77A0        8         0
                text124                            769E     769E       14         0
                text123                            77D2     77D2        4         0
                text122                            6738     6738       7E         0
                text121                            771A     771A        C         0
                text120                            76E4     76E4       10         0
                text119                            76D4     76D4       10         0
                text118                            5C62     5C62       C8         0
                text117                            643E     643E       A8         0
                text116                            770E     770E        C         0
                text115                            7798     7798        8         0
                text114                            7790     7790        8         0
                text113                            7788     7788        8         0
                text112                            7780     7780        8         0
                text111                            7778     7778        8         0
                text110                            7770     7770        8         0
                text109                            7768     7768        8         0
                text108                            7702     7702        C         0
                text107                            690C     690C       6C         0
                text106                            6A4C     6A4C       64         0
                text105                            76C4     76C4       10         0
                text104                            7538     7538       1E         0
                text103                            6FA4     6FA4       44         0
                text102                            7760     7760        8         0
                text101                            749E     749E       22         0
                text100                            6620     6620       8E         0
                text99                             75EE     75EE       18         0
                text98                             513C     513C      106         0
                text97                             7758     7758        8         0
                text96                             6D38     6D38       58         0
                text95                             6ED2     6ED2       48         0
                text94                             3B7C     3B7C      39C         0
                text93                             3752     3752      42A         0
                text92                             2E62     2E62      4C0         0
                text91                             6F1A     6F1A       46         0
                text90                             64E6     64E6       A4         0
                text89                             440C     440C      1B4         0
                text88                             226E     226E      652         0
                text87                             4E08     4E08      124         0
                text86                             6CE0     6CE0       58         0
                text85                             6C2A     6C2A       5C         0
                text84                             751A     751A       1E         0
                text83                             582C     582C       EC         0
                text82                             75D6     75D6       18         0
                text81                             77A8     77A8        6         0
                text80                             5644     5644       F8         0
                text79                             76B2     76B2       12         0
                text78                             74FC     74FC       1E         0
                text77                             774E     774E        A         0
                text76                             75BE     75BE       18         0
                text75                             72B4     72B4       36         0
                text74                             768A     768A       14         0
                text73                             7068     7068       40         0
                text72                             658A     658A       96         0
                text71                             6830     6830       70         0
                text70                             69E2     69E2       6A         0
                text69                             68A0     68A0       6C         0
                text68                             62E8     62E8       AC         0
                text67                             623C     623C       AC         0
                text66                             6190     6190       AC         0
                text65                             573C     573C       F0         0
                text64                             7246     7246       38         0
                text63                             7028     7028       40         0
                text62                             74DE     74DE       1E         0
                text61                             7572     7572       1A         0
                text60                             4A3C     4A3C      162         0
                text59                             7454     7454       26         0
                text58                             720E     720E       38         0
                text57                             6DE6     6DE6       52         0
                text56                             45C0     45C0      190         0
                text55                             7802     7802        2         0
                text54                             5B98     5B98       CA         0
                text53                             59EE     59EE       D6         0
                text52                             4750     4750      188         0
                text51                             48D8     48D8      164         0
                text50                             6FE8     6FE8       40         0
                text49                             6F60     6F60       44         0
                text48                             727E     727E       36         0
                text47                             5EB4     5EB4       C2         0
                text46                             3F18     3F18      2DE         0
                text45                             5DF0     5DF0       C4         0
                text44                             6032     6032       B0         0
                text43                             6394     6394       AA         0
                text42                             5242     5242      104         0
                text41                             71D6     71D6       38         0
                text40                             5036     5036      106         0
                text39                             5546     5546       FE         0
                text38                             41F6     41F6      216         0
                text37                             6BCE     6BCE       5C         0
                text36                             719E     719E       38         0
                text35                             6B10     6B10       60         0
                text34                              6EC      6EC      C5A         0
                text33                             5918     5918       D6         0
                text32                             1B0E     1B0E      760         0
                text31                             6978     6978       6A         0
                text30                             6C86     6C86       5A         0
                text29                             5446     5446      100         0
                text28                             6E38     6E38       4E         0
                text27                             5346     5346      100         0
                text26                             5AC4     5AC4       D4         0
                text25                             28C0     28C0      5A2         0
                text24                             3322     3322      430         0
                text23                             764C     764C       16         0
                text22                             72EA     72EA       34         0
                text21                             5F76     5F76       BC         0
                text20                             4F2C     4F2C      10A         0
                text19                             7676     7676       14         0
                text18                             60E2     60E2       AE         0
                text17                             1346     1346      7C8         0
                text16                             4B9E     4B9E      13E         0
                text15                             77CE     77CE        4         0
                text14                             77CA     77CA        4         0
                text13                             4CDC     4CDC      12C         0
                text12                             6AB0     6AB0       60         0
                text11                             7636     7636       16         0
                text10                             7744     7744        A         0
                text9                              773A     773A        A         0
                text8                              7730     7730        A         0
                text7                              7726     7726        A         0
                text6                              6B70     6B70       5E         0
                text5                              7662     7662       14         0
                text4                              77C6     77C6        4         0
                text3                              7556     7556       1C         0
                text2                              731E     731E       2E         0
                text1                              74C0     74C0       1E         0
                text0                              75A6     75A6       18         0
                cinit                              66AE     66AE       8A         0
                idataBANK1                         780A     780A        1         0
                idataBANK0                         77FE     77FE        3         0

        CLASS   CONST          

        CLASS   SMALLCONST     
                smallconst                          600      600       EC         0

        CLASS   MEDIUMCONST    

        CLASS   COMRAM         
                temp                                 56       56        1         1
                cstackCOMRAM                          1        1       4C         1
                bssCOMRAM                            4D       4D        9         1

        CLASS   ABS1           

        CLASS   BIGRAM         

        CLASS   RAM            

        CLASS   BANK0          
                cstackBANK0                          60       60       97         1
                dataBANK0                            FA       FA        3         1
                bssBANK0                             F7       F7        3         1

        CLASS   BANK1          
                cstackBANK1                         1D5      1D5       29         1
                dataBANK1                           1FE      1FE        1         1
                bssBANK1                            100      100       D5         1

        CLASS   BANK2          
                bssBANK2                            200      200       FF         1

        CLASS   BANK3          
                bssBANK3                            300      300       E6         1

        CLASS   BANK4          
                bssBANK4                            400      400       64         1

        CLASS   BANK5          

        CLASS   SFR            

        CLASS   CONFIG         
                config                           300000   300000        E         4

        CLASS   IDLOC          
                idloc                            200000   200000        8         5

        CLASS   EEDATA         

        CLASS   FARRAM         



SEGMENTS        Name                           Load    Length   Top    Selector   Space  Class

                reset_vec                      000000  000004  000004         0       0  CODE    
                cstackCOMRAM                   000001  000056  000057         1       1  COMRAM  
                intcode                        000008  000098  0000A0         4       0  CODE    
                cstackBANK0                    000060  00009D  0000FD        60       1  BANK0   
                bssBANK1                       000100  0000FF  0001FF       100       1  BANK1   
                bssBANK2                       000200  0000FF  0002FF       200       1  BANK2   
                bssBANK3                       000300  0000E6  0003E6       300       1  BANK3   
                bssBANK4                       000400  000064  000464       400       1  BANK4   
                smallconst                     000600  0000EC  0006EC       300       0  SMALLCON
                text34                         0006EC  007115  007801       376       0  CODE    
                text55                         007802  000009  00780B      3C01       0  CODE    


UNUSED ADDRESS RANGES

        Name                Unused          Largest block    Delta
        BANK0            0000FD-0000FF                3
        BANK1            0001FF-0001FF                1
        BANK2            0002FF-0002FF                1
        BANK3            0003E6-0003FF               1A
        BANK4            000464-0004FF               9C
        BANK5            000500-0005FF              100
        BIGRAM           000057-00005F                9
                         0000FD-0000FF                3
                         0001FF-0001FF                1
                         0002FF-0002FF                1
                         0003E6-0003FF               1A
                         000464-0005FF              19C
        CODE             000004-000007                4
                         0000A0-0005FF              560
                         007801-007801                1
                         00780B-007FFF              7F5
        COMRAM           000057-00005F                9
        CONST            000004-000007                4
                         0000A0-0005FF              560
                         007801-007801                1
                         00780B-007FFF              7F5
        EEDATA           F00000-F000FF              100
        MEDIUMCONST      007801-007801                1
                         00780B-007FFF              7F5
        RAM              0000FD-0000FF                3
                         0001FF-0001FF                1
                         0002FF-0002FF                1
                         0003E6-0003FF               1A
                         000464-0005FF               9C
        SFR              000F38-000FFF               28
        SMALLCONST       007801-007801                1
                         00780B-007FFF              100
        STACK            000464-0005FF              19C

                                  Symbol Table

?_Driver_Analog_GetValueAN0                              cstackCOMRAM 000031
?_Driver_Analog_GetValueAN1                              cstackCOMRAM 000031
?_Driver_Analog_GetValueAN3                              cstackCOMRAM 000031
?_SRV_ADT7410_GetTemperature                             cstackCOMRAM 00000A
?_SRV_ADT7410_Read                                       cstackCOMRAM 00002B
?_SRV_TIMER_GetTick                                      cstackCOMRAM 00000A
?___aodiv                                                cstackCOMRAM 00000A
?___aomod                                                cstackCOMRAM 00000A
?___awdiv                                                cstackCOMRAM 00000A
?___awmod                                                cstackCOMRAM 000012
?___fladd                                                cstackCOMRAM 000023
?___fldiv                                                cstackCOMRAM 00003B
?___flmul                                                cstackCOMRAM 00000A
?___flneg                                                cstackCOMRAM 00000A
?___flsub                                                cstackCOMRAM 000033
?___fltol                                                cstackCOMRAM 000023
?___fpclassifyf                                          cstackCOMRAM 00000A
?___lldiv                                                cstackCOMRAM 000016
?___lmul                                                 cstackCOMRAM 00000A
?___wmul                                                 cstackCOMRAM 00000A
?___xxtofl                                               cstackCOMRAM 00000A
?_abs                                                    cstackCOMRAM 00001C
?_atoi                                                   cstackCOMRAM 000011
?_ctoa                                                   cstackCOMRAM 000013
?_dtoa                                                   cstackCOMRAM 000025
?_efgtoa                                                 cstackBANK0  00007B
?_floorf                                                 cstackBANK0  00006D
?_isdigit                                                cstackCOMRAM 00000A
?_isspace                                                cstackCOMRAM 00000A
?_isupper                                                cstackCOMRAM 00000A
?_mapValue                                               cstackCOMRAM 000023
?_pad                                                    cstackCOMRAM 00001A
?_sprintf                                                cstackBANK0  0000E9
?_strlen                                                 cstackCOMRAM 00000A
?_strncmp                                                cstackCOMRAM 00000A
?_tolower                                                cstackCOMRAM 000010
?_vfpfcnvrt                                              cstackBANK0  0000BF
?_vfprintf                                               cstackBANK0  0000E1
?i2_SRV_TIMER_GetTick                                    cstackCOMRAM 000001
App_HTAD_Home@isCelsius                                  dataBANK0    0000FA
App_HTAD_Home@key                                        cstackBANK1  0001FD
App_HTAD_Home@objetoHTAD                                 cstackBANK0  0000F5
App_HTAD_Home@tick                                       bssBANK1     000181
App_HTAD_Home@tickLast                                   bssBANK1     00017D
App_HTAD_Home@txt                                        cstackBANK1  0001E1
App_HTAD_Home@typeRead                                   cstackBANK1  0001FC
App_HTAD_MenuAjusteErro@CursorColuna                     dataBANK0    0000FB
App_HTAD_MenuAjusteErro@CursorLinha                      dataBANK0    0000FC
App_HTAD_MenuAjusteErro@key                              cstackBANK1  0001F5
App_HTAD_MenuAjusteErro@objetoHTAD                       cstackBANK0  0000F5
App_HTAD_MenuAjusteErro@tick                             bssBANK1     000179
App_HTAD_MenuAjusteErro@tickLast                         bssBANK1     000175
App_HTAD_MenuAjusteErro@txt                              cstackBANK1  0001E1
DATAEE_ReadByte@bAdd                                     cstackCOMRAM 00000A
DATAEE_WriteByte@GIEBitValue                             cstackCOMRAM 00000C
DATAEE_WriteByte@bAdd                                    cstackCOMRAM 00000B
DATAEE_WriteByte@bData                                   cstackCOMRAM 00000A
DRV_ADT7410_Read@address                                 cstackCOMRAM 000022
DRV_ADT7410_Read@bufferBlock                             cstackCOMRAM 000027
DRV_ADT7410_Read@data                                    cstackCOMRAM 00001A
DRV_ADT7410_Read@len                                     cstackCOMRAM 00001C
DRV_ADT7410_Read@reg                                     cstackCOMRAM 000019
DRV_ADT7410_Read@timeOut                                 cstackCOMRAM 000023
DRV_LCD_Cmd@cmd                                          cstackCOMRAM 00000C
DRV_LCD_Data@data                                        cstackCOMRAM 00000A
DRV_LCD_SetCursor@coluna                                 cstackCOMRAM 00000D
DRV_LCD_SetCursor@cursorOn                               cstackCOMRAM 00000E
DRV_LCD_SetCursor@linha                                  cstackCOMRAM 00000F
DRV_LCD_SetCursor@temp                                   cstackCOMRAM 000012
DRV_LCD_SetCursor@y                                      cstackCOMRAM 000011
DRV_LCD_SetCursor@z                                      cstackCOMRAM 000010
DRV_LCD_WriteChar@data                                   cstackCOMRAM 00000D
DRV_LCD_WriteChar@temp                                   cstackCOMRAM 00000B
DRV_LCD_WriteChar@y                                      cstackCOMRAM 00000C
DRV_LCD_WriteString@data                                 cstackCOMRAM 00000E
DRV_LCD_WriteString@i                                    cstackCOMRAM 000010
DirectNet_Run@i                                          cstackCOMRAM 00004A
DirectNet_Run@objetoHTAD_DirectNet                       cstackCOMRAM 00003C
DirectNet_Run@valBruto                                   cstackCOMRAM 000042
DirectNet_Run@valBruto_3049                              cstackCOMRAM 000044
DirectNet_Run@valBruto_3050                              cstackCOMRAM 000046
DirectNet_Run@valBruto_3051                              cstackCOMRAM 000048
DirectNet_Send@rx                                        cstackCOMRAM 000005
DirectNet_enviaDadosDDDTCO2@LCR                          cstackCOMRAM 00000F
DirectNet_enviaDadosDDDTCO2@i                            cstackCOMRAM 000010
DirectNet_enviaDadosSensores@LCR                         cstackCOMRAM 00000F
DirectNet_enviaDadosSensores@i                           cstackCOMRAM 000010
Driver_Analog_GetValueAN0@averageValue                   cstackCOMRAM 000035
Driver_Analog_GetValueAN0@i                              cstackCOMRAM 00003B
Driver_Analog_GetValueAN0@sum                            cstackCOMRAM 000037
Driver_Analog_GetValueAN1@averageValue                   cstackCOMRAM 000035
Driver_Analog_GetValueAN1@i                              cstackCOMRAM 00003B
Driver_Analog_GetValueAN1@sum                            cstackCOMRAM 000037
Driver_Analog_GetValueAN3@averageValue                   cstackCOMRAM 000035
Driver_Analog_GetValueAN3@i                              cstackCOMRAM 00003B
Driver_Analog_GetValueAN3@sum                            cstackCOMRAM 000037
Driver_Analog_Run@currentTick                            cstackCOMRAM 000012
EUSART1_Read@readValue                                   cstackCOMRAM 000001
EUSART1_SetErrorHandler@interruptHandler                 cstackCOMRAM 00000A
EUSART1_SetFramingErrorHandler@interruptHandler          cstackCOMRAM 00000A
EUSART1_SetOverrunErrorHandler@interruptHandler          cstackCOMRAM 00000A
EUSART1_SetRxInterruptHandler@interruptHandler           cstackCOMRAM 00000A
EUSART1_Write@txData                                     cstackCOMRAM 00000A
I2C1_Close@returnValue                                   cstackCOMRAM 00000A
I2C1_MasterOperation@read                                cstackCOMRAM 000017
I2C1_MasterOperation@returnValue                         cstackCOMRAM 000018
I2C1_MasterSendTxData@data                               cstackCOMRAM 00000A
I2C1_Open@address                                        cstackCOMRAM 00000A
I2C1_Open@returnValue                                    cstackCOMRAM 00000B
I2C1_SetAddressNackCallback@cb                           cstackCOMRAM 00000F
I2C1_SetAddressNackCallback@ptr                          cstackCOMRAM 000011
I2C1_SetBuffer@buffer                                    cstackCOMRAM 00000A
I2C1_SetBuffer@bufferSize                                cstackCOMRAM 00000C
I2C1_SetCallback@cb                                      cstackCOMRAM 00000A
I2C1_SetCallback@idx                                     cstackCOMRAM 00000E
I2C1_SetCallback@ptr                                     cstackCOMRAM 00000C
I2C1_SetDataCompleteCallback@cb                          cstackCOMRAM 00000F
I2C1_SetDataCompleteCallback@ptr                         cstackCOMRAM 000011
SRV_ADT7410_GetTemperature@sensor                        cstackCOMRAM 00000E
SRV_ADT7410_GetTemperature@typeRead                      cstackCOMRAM 00000A
SRV_ADT7410_Init@y                                       cstackCOMRAM 000049
SRV_ADT7410_Read@address                                 cstackCOMRAM 00002D
SRV_ADT7410_Read@data                                    cstackCOMRAM 00002E
SRV_ADT7410_Read@temp                                    cstackCOMRAM 000030
SRV_ADT7410_ReadMeanSensor@accumulatedDianteiro          bssBANK1     0001A5
SRV_ADT7410_ReadMeanSensor@accumulatedTraseiro           bssBANK1     0001A4
SRV_ADT7410_ReadMeanSensor@accumulatedUmidade            bssBANK1     0001A3
SRV_ADT7410_ReadMeanSensor@address                       cstackBANK0  000076
SRV_ADT7410_ReadMeanSensor@index                         cstackBANK0  00007D
SRV_ADT7410_ReadMeanSensor@meanDianteiro                 bssBANK3     000364
SRV_ADT7410_ReadMeanSensor@meanTraseiro                  bssBANK3     000300
SRV_ADT7410_ReadMeanSensor@meanUmidade                   bssBANK4     000400
SRV_ADT7410_ReadMeanSensor@temp                          cstackBANK0  000077
SRV_ADT7410_ReadMeanSensor@typeRead                      cstackBANK0  00006D
SRV_ADT7410_ReadMeanSensor@value                         cstackBANK0  00006E
SRV_ADT7410_ReadMeanSensor@valueAux                      cstackBANK0  000079
SRV_ADT7410_ReadMeanSensor@valueMean                     cstackBANK0  000074
SRV_ADT7410_Run@tick                                     bssBANK1     00016D
SRV_ADT7410_Run@tickLast                                 bssBANK1     000169
SRV_ADT7410_Run@timeReset                                bssBANK1     00018B
SRV_ADT7410_SetErrorSensor@error_neg                     cstackCOMRAM 00000B
SRV_ADT7410_SetErrorSensor@error_pos                     cstackCOMRAM 00000A
SRV_ADT7410_SetErrorSensor@sensor                        cstackCOMRAM 00000C
SRV_ADT7410_multiplex_on@address                         cstackCOMRAM 00000C
SRV_Display_SetCursor@coluna                             cstackCOMRAM 000013
SRV_Display_SetCursor@linha                              cstackCOMRAM 000014
SRV_Display_Write@coluna                                 cstackCOMRAM 000013
SRV_Display_Write@data                                   cstackCOMRAM 000014
SRV_Display_Write@linha                                  cstackCOMRAM 000016
TMR0_SetInterruptHandler@InterruptHandler                cstackCOMRAM 00000A
_ADCON0                                                  (abs)        000FC2
_ADCON0bits                                              (abs)        000FC2
_ADCON1                                                  (abs)        000FC1
_ADCON2                                                  (abs)        000FC0
_ADC_Initialize                                          text11       007636
_ADC_InterruptHandler                                    bssBANK1     000197
_ADRESH                                                  (abs)        000FC4
_ADRESL                                                  (abs)        000FC3
_ANSELA                                                  (abs)        000F38
_ANSELB                                                  (abs)        000F39
_ANSELC                                                  (abs)        000F3A
_App_HTAD_Home                                           text24       003322
_App_HTAD_Home$2429                                      cstackBANK1  0001F6
_App_HTAD_Home$2431                                      cstackBANK1  0001F8
_App_HTAD_Home$2433                                      cstackBANK1  0001FA
_App_HTAD_MenuAjusteErro                                 text25       0028C0
_App_HTAD_init                                           text71       006830
_App_HTAD_run                                            text12       006AB0
_BAUDCON1                                                (abs)        000FB8
_CPU_Comunicando                                         bssBANK1     0001A0
_DATAEE_ReadByte                                         text74       00768A
_DATAEE_WriteByte                                        text73       007068
_DRV_ADT7410_Read                                        text98       00513C
_DRV_LCD_Clear                                           text82       0075D6
_DRV_LCD_Cmd                                             text84       00751A
_DRV_LCD_Data                                            text85       006C2A
_DRV_LCD_Init                                            text83       00582C
_DRV_LCD_SetCursor                                       text80       005644
_DRV_LCD_WriteChar                                       text64       007246
_DRV_LCD_WriteString                                     text63       007028
_DirectNet_Init                                          text149      007804
_DirectNet_Run                                           text17       001346
_DirectNet_Send                                          text159      006E86
_DirectNet_enviaDadosDDDTCO2                             text21       005F76
_DirectNet_enviaDadosSensores                            text20       004F2C
_Driver_Analog_GetValueAN0                               text68       0062E8
_Driver_Analog_GetValueAN1                               text67       00623C
_Driver_Analog_GetValueAN3                               text66       006190
_Driver_Analog_Init                                      text148      0076F4
_Driver_Analog_Run                                       text16       004B9E
_EEADR                                                   (abs)        000FA9
_EECON1bits                                              (abs)        000FA6
_EECON2                                                  (abs)        000FA7
_EEDATA                                                  (abs)        000FA8
_EUSART1_DefaultErrorHandler                             text157      0077C0
_EUSART1_DefaultFramingErrorHandler                      text156      007808
_EUSART1_DefaultOverrunErrorHandler                      text155      0077BA
_EUSART1_ErrorHandler                                    bssBANK1     000191
_EUSART1_FramingErrorHandler                             bssBANK1     000195
_EUSART1_Initialize                                      text6        006B70
_EUSART1_OverrunErrorHandler                             bssBANK1     000193
_EUSART1_Read                                            text162      006D90
_EUSART1_Receive_ISR                                     text154      005D2A
_EUSART1_RxDataHandler                                   text158      007428
_EUSART1_RxDefaultInterruptHandler                       bssBANK1     000199
_EUSART1_SetErrorHandler                                 text10       007744
_EUSART1_SetFramingErrorHandler                          text9        00773A
_EUSART1_SetOverrunErrorHandler                          text8        007730
_EUSART1_SetRxInterruptHandler                           text7        007726
_EUSART1_Write                                           text23       00764C
_EUSART1_is_rx_ready                                     text161      00761E
_EUSART1_is_tx_done                                      text19       007676
_I2C1_CallbackReturnReset                                text131      0077DE
_I2C1_CallbackReturnStop                                 text132      0077E2
_I2C1_Close                                              text144      0073FC
_I2C1_DO_ADDRESS_NACK                                    text107      00690C
_I2C1_DO_IDLE                                            text121      00771A
_I2C1_DO_RCEN                                            text116      00770E
_I2C1_DO_RESET                                           text108      007702
_I2C1_DO_RX                                              text117      00643E
_I2C1_DO_RX_ACK                                          text111      007778
_I2C1_DO_RX_NACK_RESTART                                 text109      007768
_I2C1_DO_RX_NACK_STOP                                    text110      007770
_I2C1_DO_SEND_ADR_READ                                   text120      0076E4
_I2C1_DO_SEND_ADR_WRITE                                  text119      0076D4
_I2C1_DO_SEND_RESTART                                    text113      007788
_I2C1_DO_SEND_RESTART_READ                               text115      007798
_I2C1_DO_SEND_RESTART_WRITE                              text114      007790
_I2C1_DO_SEND_STOP                                       text112      007780
_I2C1_DO_TX                                              text118      005C62
_I2C1_DO_TX_EMPTY                                        text122      006738
_I2C1_Initialize                                         text5        007662
_I2C1_MasterClearIrq                                     text147      0077FA
_I2C1_MasterClose                                        text146      0077F6
_I2C1_MasterDisableIrq                                   text145      0077F2
_I2C1_MasterEnableRestart                                text142      0077EA
_I2C1_MasterFsm                                          text106      006A4C
_I2C1_MasterGetRxData                                    text127      0077D6
_I2C1_MasterIsNack                                       text124      00769E
_I2C1_MasterOpen                                         text101      00749E
_I2C1_MasterOperation                                    text103      006FA4
_I2C1_MasterSendAck                                      text126      0077AE
_I2C1_MasterSendNack                                     text128      0077B4
_I2C1_MasterSendTxData                                   text125      0077A0
_I2C1_MasterSetIrq                                       text123      0077D2
_I2C1_MasterStart                                        text143      0077EE
_I2C1_MasterStartRx                                      text129      0077DA
_I2C1_MasterStop                                         text141      0077E6
_I2C1_MasterWaitForEvent                                 text105      0076C4
_I2C1_MasterWrite                                        text102      007760
_I2C1_Open                                               text100      006620
_I2C1_Poller                                             text104      007538
_I2C1_SetAddressNackCallback                             text99       0075EE
_I2C1_SetBuffer                                          text140      00747A
_I2C1_SetCallback                                        text139      0067B6
_I2C1_SetDataCompleteCallback                            text138      007606
_I2C1_Status                                             bssBANK1     000100
_ID_Responde                                             bssBANK1     00019E
_INTCON2bits                                             (abs)        000FF1
_INTCONbits                                              (abs)        000FF2
_INTERRUPT_Initialize                                    text4        0077C6
_INTERRUPT_InterruptManager                              intcode      000008
_LATA                                                    (abs)        000F89
_LATAbits                                                (abs)        000F89
_LATB                                                    (abs)        000F8A
_LATBbits                                                (abs)        000F8A
_LATC                                                    (abs)        000F8B
_LATCbits                                                (abs)        000F8B
_OSCCON                                                  (abs)        000FD3
_OSCCON2                                                 (abs)        000FD2
_OSCILLATOR_Initialize                                   text3        007556
_OSCTUNE                                                 (abs)        000F9B
_ObjetoHTAD                                              bssBANK2     0002A0
_PIE1bits                                                (abs)        000F9D
_PIN_MANAGER_Initialize                                  text2        00731E
_PIR1bits                                                (abs)        000F9E
_PIR2bits                                                (abs)        000FA1
_PLLRDY                                                  (abs)        007E97
_PORTCbits                                               (abs)        000F82
_RCONbits                                                (abs)        000FD0
_RCREG1                                                  (abs)        000FAE
_RCSTA1                                                  (abs)        000FAB
_RCSTA1bits                                              (abs)        000FAB
_SPBRG1                                                  (abs)        000FAF
_SPBRGH1                                                 (abs)        000FB0
_SRV_ADT7410_GetTemperature                              text65       00573C
_SRV_ADT7410_Init                                        text87       004E08
_SRV_ADT7410_Off                                         text15       0077CE
_SRV_ADT7410_On                                          text14       0077CA
_SRV_ADT7410_Read                                        text95       006ED2
_SRV_ADT7410_ReadMeanSensor                              text88       00226E
_SRV_ADT7410_ReadMeanSensor$4209                         cstackBANK0  000070
_SRV_ADT7410_Run                                         text13       004CDC
_SRV_ADT7410_SetErrorSensor                              text86       006CE0
_SRV_ADT7410_multiplex_off                               text97       007758
_SRV_ADT7410_multiplex_on                                text96       006D38
_SRV_Display_Clear                                       text81       0077A8
_SRV_Display_Init                                        text78       0074FC
_SRV_Display_SetCursor                                   text79       0076B2
_SRV_Display_Write                                       text62       0074DE
_SRV_TIMER_GetTick                                       text61       007572
_SRV_TIMER_Init                                          text76       0075BE
_SRV_TIMER_TickInterrupt                                 text152      007128
_SSP1ADD                                                 (abs)        000FC8
_SSP1BUF                                                 (abs)        000FC9
_SSP1CON1                                                (abs)        000FC6
_SSP1CON1bits                                            (abs)        000FC6
_SSP1CON2                                                (abs)        000FC5
_SSP1CON2bits                                            (abs)        000FC5
_SSP1STAT                                                (abs)        000FC7
_SSP1STATbits                                            (abs)        000FC7
_SYSTEM_Initialize                                       text1        0074C0
_Sensor1                                                 bssBANK1     0001C0
_Sensor2                                                 bssBANK1     0001B8
_Sensor3                                                 bssBANK1     0001B0
_T0CON                                                   (abs)        000FD5
_T0CONbits                                               (abs)        000FD5
_TABLAT                                                  (abs)        000FF5
_TBLPTRH                                                 (abs)        000FF7
_TBLPTRL                                                 (abs)        000FF6
_TBLPTRU                                                 (abs)        000FF8
_TMR0H                                                   (abs)        000FD7
_TMR0L                                                   (abs)        000FD6
_TMR0_DefaultInterruptHandler                            text153      007806
_TMR0_ISR                                                text151      007164
_TMR0_Initialize                                         text75       0072B4
_TMR0_InterruptHandler                                   bssBANK1     00019B
_TMR0_SetInterruptHandler                                text77       00774E
_TRISA                                                   (abs)        000F92
_TRISB                                                   (abs)        000F93
_TRISC                                                   (abs)        000F94
_TXREG1                                                  (abs)        000FAD
_TXSTA1                                                  (abs)        000FAC
_TXSTA1bits                                              (abs)        000FAC
_WPUB                                                    (abs)        000F61
__HRAM                                                   (abs)        000000
__Habs1                                                  abs1         000000
__Hbank0                                                 bank0        000000
__Hbank1                                                 bank1        000000
__Hbank2                                                 bank2        000000
__Hbank3                                                 bank3        000000
__Hbank4                                                 bank4        000000
__Hbank5                                                 bank5        000000
__Hbigbss                                                bigbss       000000
__Hbigdata                                               bigdata      000000
__Hbigram                                                bigram       000000
__Hbss                                                   bss          000000
__HbssBANK0                                              bssBANK0     000000
__HbssBANK1                                              bssBANK1     000000
__HbssBANK2                                              bssBANK2     000000
__HbssBANK3                                              bssBANK3     000000
__HbssBANK4                                              bssBANK4     000000
__HbssCOMRAM                                             bssCOMRAM    000000
__Hcinit                                                 cinit        000000
__Hclrtext                                               clrtext      000000
__Hcomram                                                comram       000000
__Hconfig                                                config       30000E
__Hconst                                                 const        000000
__HcstackBANK0                                           cstackBANK0  000000
__HcstackBANK1                                           cstackBANK1  000000
__HcstackCOMRAM                                          cstackCOMRAM 000000
__Hdata                                                  data         000000
__HdataBANK0                                             dataBANK0    000000
__HdataBANK1                                             dataBANK1    000000
__Heeprom_data                                           eeprom_data  000000
__Hfarbss                                                farbss       000000
__Hfardata                                               fardata      000000
__Hibigdata                                              ibigdata     000000
__Hidata                                                 idata        000000
__HidataBANK0                                            idataBANK0   000000
__HidataBANK1                                            idataBANK1   000000
__Hidloc                                                 idloc        200008
__Hifardata                                              ifardata     000000
__Hinit                                                  init         0000A0
__Hintcode                                               intcode      00009C
__Hintcode_body                                          intcode_body 000000
__Hintcodelo                                             intcodelo    00009C
__Hintentry                                              intentry     000000
__Hintret                                                intret       000000
__Hintsave_regs                                          intsave_regs 000000
__Hirdata                                                irdata       000000
__Hmediumconst                                           mediumconst  000000
__HnvFARRAM                                              nvFARRAM     000000
__Hnvbit                                                 nvbit        000000
__Hnvrram                                                nvrram       000000
__Hparam                                                 rparam       000000
__Hpowerup                                               powerup      00009C
__Hram                                                   ram          000000
__Hramtop                                                ramtop       000600
__Hrbit                                                  rbit         000000
__Hrbss                                                  rbss         000000
__Hrdata                                                 rdata        000000
__Hreset_vec                                             reset_vec    000004
__Hrparam                                                rparam       000000
__Hsfr                                                   sfr          000000
__Hsmallconst                                            smallconst   0006EC
__Hspace_0                                               (abs)        00780B
__Hspace_1                                               (abs)        000464
__Hspace_2                                               (abs)        000000
__Hspace_4                                               (abs)        60000E
__Hstack                                                 stack        000000
__Hstruct                                                struct       000000
__Htemp                                                  temp         000057
__Htext                                                  text         000000
__Htext0                                                 text0        000000
__Htext1                                                 text1        000000
__Htext10                                                text10       000000
__Htext100                                               text100      000000
__Htext101                                               text101      000000
__Htext102                                               text102      000000
__Htext103                                               text103      000000
__Htext104                                               text104      000000
__Htext105                                               text105      000000
__Htext106                                               text106      000000
__Htext107                                               text107      000000
__Htext108                                               text108      000000
__Htext109                                               text109      000000
__Htext11                                                text11       000000
__Htext110                                               text110      000000
__Htext111                                               text111      000000
__Htext112                                               text112      000000
__Htext113                                               text113      000000
__Htext114                                               text114      000000
__Htext115                                               text115      000000
__Htext116                                               text116      000000
__Htext117                                               text117      000000
__Htext118                                               text118      000000
__Htext119                                               text119      000000
__Htext12                                                text12       000000
__Htext120                                               text120      000000
__Htext121                                               text121      000000
__Htext122                                               text122      000000
__Htext123                                               text123      000000
__Htext124                                               text124      000000
__Htext125                                               text125      000000
__Htext126                                               text126      000000
__Htext127                                               text127      000000
__Htext128                                               text128      000000
__Htext129                                               text129      000000
__Htext13                                                text13       000000
__Htext130                                               text130      000000
__Htext131                                               text131      000000
__Htext132                                               text132      000000
__Htext133                                               text133      000000
__Htext134                                               text134      000000
__Htext135                                               text135      000000
__Htext136                                               text136      000000
__Htext137                                               text137      000000
__Htext138                                               text138      000000
__Htext139                                               text139      000000
__Htext14                                                text14       000000
__Htext140                                               text140      000000
__Htext141                                               text141      000000
__Htext142                                               text142      000000
__Htext143                                               text143      000000
__Htext144                                               text144      000000
__Htext145                                               text145      000000
__Htext146                                               text146      000000
__Htext147                                               text147      000000
__Htext148                                               text148      000000
__Htext149                                               text149      000000
__Htext15                                                text15       000000
__Htext151                                               text151      000000
__Htext152                                               text152      000000
__Htext153                                               text153      000000
__Htext154                                               text154      000000
__Htext155                                               text155      000000
__Htext156                                               text156      000000
__Htext157                                               text157      000000
__Htext158                                               text158      000000
__Htext159                                               text159      000000
__Htext16                                                text16       000000
__Htext160                                               text160      000000
__Htext161                                               text161      000000
__Htext162                                               text162      000000
__Htext163                                               text163      000000
__Htext17                                                text17       000000
__Htext18                                                text18       000000
__Htext19                                                text19       000000
__Htext2                                                 text2        000000
__Htext20                                                text20       000000
__Htext21                                                text21       000000
__Htext22                                                text22       000000
__Htext23                                                text23       000000
__Htext24                                                text24       000000
__Htext25                                                text25       000000
__Htext26                                                text26       000000
__Htext27                                                text27       000000
__Htext28                                                text28       000000
__Htext29                                                text29       000000
__Htext3                                                 text3        000000
__Htext30                                                text30       000000
__Htext31                                                text31       000000
__Htext32                                                text32       000000
__Htext33                                                text33       000000
__Htext34                                                text34       000000
__Htext35                                                text35       000000
__Htext36                                                text36       000000
__Htext37                                                text37       000000
__Htext38                                                text38       000000
__Htext39                                                text39       000000
__Htext4                                                 text4        000000
__Htext40                                                text40       000000
__Htext41                                                text41       000000
__Htext42                                                text42       000000
__Htext43                                                text43       000000
__Htext44                                                text44       000000
__Htext45                                                text45       000000
__Htext46                                                text46       000000
__Htext47                                                text47       000000
__Htext48                                                text48       000000
__Htext49                                                text49       000000
__Htext5                                                 text5        000000
__Htext50                                                text50       000000
__Htext51                                                text51       000000
__Htext52                                                text52       000000
__Htext53                                                text53       000000
__Htext54                                                text54       000000
__Htext55                                                text55       000000
__Htext56                                                text56       000000
__Htext57                                                text57       000000
__Htext58                                                text58       000000
__Htext59                                                text59       000000
__Htext6                                                 text6        000000
__Htext60                                                text60       000000
__Htext61                                                text61       000000
__Htext62                                                text62       000000
__Htext63                                                text63       000000
__Htext64                                                text64       000000
__Htext65                                                text65       000000
__Htext66                                                text66       000000
__Htext67                                                text67       000000
__Htext68                                                text68       000000
__Htext69                                                text69       000000
__Htext7                                                 text7        000000
__Htext70                                                text70       000000
__Htext71                                                text71       000000
__Htext72                                                text72       000000
__Htext73                                                text73       000000
__Htext74                                                text74       000000
__Htext75                                                text75       000000
__Htext76                                                text76       000000
__Htext77                                                text77       000000
__Htext78                                                text78       000000
__Htext79                                                text79       000000
__Htext8                                                 text8        000000
__Htext80                                                text80       000000
[...]
isa$std                                                  (abs)        000001
isa$xinst                                                (abs)        000000
isdigit@c                                                cstackCOMRAM 00000A
isspace@c                                                cstackCOMRAM 00000A
isupper@c                                                cstackCOMRAM 00000A
lerDadosDaEEPROM@enderecoEEPROM                          cstackCOMRAM 00000F
lerDadosDaEEPROM@i                                       cstackCOMRAM 00000D
mapValue@inMax                                           cstackCOMRAM 000027
mapValue@inMin                                           cstackCOMRAM 000025
mapValue@outMax                                          cstackCOMRAM 00002B
mapValue@outMin                                          cstackCOMRAM 000029
mapValue@value                                           cstackCOMRAM 000023
moveCursor@CursorColuna                                  cstackCOMRAM 00001A
moveCursor@CursorLinha                                   cstackCOMRAM 000018
pad@buf                                                  cstackCOMRAM 00001C
pad@fp                                                   cstackCOMRAM 00001A
pad@i                                                    cstackCOMRAM 000021
pad@p                                                    cstackCOMRAM 00001E
pad@w                                                    cstackCOMRAM 000023
rd1RegCompleteHandler@ptr                                cstackCOMRAM 000013
rd2RegCompleteHandler@ptr                                cstackCOMRAM 000013
rdBlkRegCompleteHandler@DriverADT7410TRZ$F2621@ptr       cstackCOMRAM 000013
rdBlkRegCompleteHandler@ptr                              cstackCOMRAM 000013
readKeypad@currentKeyState                               cstackCOMRAM 000016
readKeypad@currentTick                                   cstackCOMRAM 000012
readKeypad@lastKeyPressTime                              bssBANK1     000171
readKeypad@previousKeyState                              dataBANK1    0001FE
sprintf@ap                                               cstackBANK1  0001D5
sprintf@f                                                cstackBANK1  0001D7
sprintf@fmt                                              cstackBANK0  0000EB
sprintf@s                                                cstackBANK0  0000E9
stackhi                                                  (abs)        0005FF
stacklo                                                  (abs)        000464
start                                                    init         00009C
start_initialization                                     cinit        0066AE
strcpy@d                                                 cstackCOMRAM 000012
strcpy@dest                                              cstackCOMRAM 00000A
strcpy@s                                                 cstackCOMRAM 000010
strcpy@src                                               cstackCOMRAM 00000C
strlen@a                                                 cstackCOMRAM 00000C
strlen@s                                                 cstackCOMRAM 00000A
strncmp@_l                                               cstackCOMRAM 00000A
strncmp@_r                                               cstackCOMRAM 00000C
strncmp@l                                                cstackCOMRAM 000011
strncmp@n                                                cstackCOMRAM 00000E
strncmp@r                                                cstackCOMRAM 000013
tolower@c                                                cstackCOMRAM 000010
ttemp5                                                   temp         000057
ttemp6                                                   temp         00005A
ttemp7                                                   temp         00005E
vfpfcnvrt@ap                                             cstackBANK0  0000C3
vfpfcnvrt@c                                              cstackBANK0  0000E0
vfpfcnvrt@ct                                             cstackBANK0  0000DD
vfpfcnvrt@done                                           cstackBANK0  0000D1
vfpfcnvrt@f                                              cstackBANK0  0000D9
vfpfcnvrt@fmt                                            cstackBANK0  0000C1
vfpfcnvrt@fp                                             cstackBANK0  0000BF
vfpfcnvrt@ll                                             cstackBANK0  0000C9
vfprintf@ap                                              cstackBANK0  0000E5
vfprintf@cfmt                                            cstackBANK0  0000E7
vfprintf@fmt                                             cstackBANK0  0000E3
vfprintf@fp                                              cstackBANK0  0000E1
wr1RegCompleteHandler@ptr                                cstackCOMRAM 000013
wr2RegCompleteHandler@ptr                                cstackCOMRAM 000013
wtemp8                                                   temp         000057


MODULE INFORMATION

Module		Function		Class		Link	Load	Size
C:\Program Files\Microchip\xc8\v2.32\pic\sources\c99\common\nf_sprintf.c
		_sprintf       		CODE           	6C86	0000	90

C:\Program Files\Microchip\xc8\v2.32\pic\sources\c99\common\nf_sprintf.c estimated size: 90

C:\Program Files\Microchip\xc8\v2.32\pic\sources\c99\common\awdiv.c
		___awdiv       		CODE           	5DF0	0000	196

C:\Program Files\Microchip\xc8\v2.32\pic\sources\c99\common\awdiv.c estimated size: 196

Driver_Analog.c
		_Driver_Analog_Run		CODE           	4B9E	0000	318
		_Driver_Analog_Init		CODE           	76F4	0000	14
		_mapValue      		CODE           	68A0	0000	108
		_Driver_Analog_GetValueAN0		CODE           	62E8	0000	172
		_Driver_Analog_GetValueAN1		CODE           	623C	0000	172
		_Driver_Analog_GetValueAN3		CODE           	6190	0000	172

Driver_Analog.c estimated size: 956

C:\Program Files\Microchip\xc8\v2.32\pic\sources\c99\common\isdigit.c
		_isdigit       		CODE           	720E	0000	56

C:\Program Files\Microchip\xc8\v2.32\pic\sources\c99\common\isdigit.c estimated size: 56

C:\Program Files\Microchip\xc8\v2.32\pic\sources\c99\common\sprcadd.c
		___flsub       		CODE           	6F1A	0000	70
		___fladd       		CODE           	2E62	0000	1216

C:\Program Files\Microchip\xc8\v2.32\pic\sources\c99\common\sprcadd.c estimated size: 1286

mcc_generated_files/examples/i2c1_master_example.c
		_wr1RegCompleteHandler		CODE           	734C	0000	44
		_wr2RegCompleteHandler		CODE           	73D0	0000	44
		_rdBlkRegCompleteHandler		CODE           	70E8	0000	64
		_rd1RegCompleteHandler		CODE           	73A4	0000	44
		_rd2RegCompleteHandler		CODE           	7378	0000	44

mcc_generated_files/examples/i2c1_master_example.c estimated size: 240

C:\Program Files\Microchip\xc8\v2.32\pic\sources\c99\common\doprnt.c
		_vfpfcnvrt     		CODE           	1B0E	0000	1888
		_efgtoa        		CODE           	06EC	0000	3162
		_pad           		CODE           	5EB4	0000	194
		_ctoa          		CODE           	59EE	0000	214
		_dtoa          		CODE           	3F18	0000	734
		_vfprintf      		CODE           	6978	0000	106

C:\Program Files\Microchip\xc8\v2.32\pic\sources\c99\common\doprnt.c estimated size: 6298

C:\Program Files\Microchip\xc8\v2.32\pic\sources\c99\common\flneg.c
		___flneg       		CODE           	71D6	0000	56

C:\Program Files\Microchip\xc8\v2.32\pic\sources\c99\common\flneg.c estimated size: 56

mcc_generated_files/i2c1_master.c
		_I2C1_DO_SEND_RESTART		CODE           	7788	0000	8
		_I2C1_DO_TX_EMPTY		CODE           	6738	0000	126
		_I2C1_DO_SEND_RESTART_READ		CODE           	7798	0000	8
		_I2C1_CallbackReturnStop		CODE           	77E2	0000	4
		_I2C1_DO_RX    		CODE           	643E	0000	168
		_I2C1_DO_TX    		CODE           	5C62	0000	200
		_I2C1_SetAddressNackCallback		CODE           	75EE	0000	24
		_I2C1_DO_IDLE  		CODE           	771A	0000	12
		_I2C1_MasterOpen		CODE           	749E	0000	34
		_I2C1_DO_RCEN  		CODE           	770E	0000	12
		_I2C1_MasterSendTxData		CODE           	77A0	0000	8
		_I2C1_MasterStop		CODE           	77E6	0000	4
		_I2C1_CallbackReturnReset		CODE           	77DE	0000	4
		_I2C1_DO_RESET 		CODE           	7702	0000	12
		_I2C1_MasterStartRx		CODE           	77DA	0000	4
		_I2C1_Poller   		CODE           	7538	0000	30
		_I2C1_DO_RX_ACK		CODE           	7778	0000	8
		_I2C1_MasterWaitForEvent		CODE           	76C4	0000	16
		_I2C1_MasterSendNack		CODE           	77B4	0000	6
		_I2C1_DO_RX_NACK_RESTART		CODE           	7768	0000	8
		_I2C1_MasterDisableIrq		CODE           	77F2	0000	4
		_I2C1_MasterOperation		CODE           	6FA4	0000	68
		_I2C1_SetCallback		CODE           	67B6	0000	122
		_I2C1_MasterEnableRestart		CODE           	77EA	0000	4
		_I2C1_Open     		CODE           	6620	0000	142
		_I2C1_DO_ADDRESS_NACK		CODE           	690C	0000	108
		_I2C1_SetBuffer		CODE           	747A	0000	36
		_I2C1_DO_SEND_RESTART_WRITE		CODE           	7790	0000	8
		_I2C1_MasterClose		CODE           	77F6	0000	4
		_I2C1_MasterWrite		CODE           	7760	0000	8
		_I2C1_Initialize		CODE           	7662	0000	20
		_I2C1_Close    		CODE           	73FC	0000	44
		_I2C1_MasterIsNack		CODE           	769E	0000	20
		_I2C1_MasterStart		CODE           	77EE	0000	4
		_I2C1_DO_SEND_ADR_WRITE		CODE           	76D4	0000	16
		_I2C1_MasterClearIrq		CODE           	77FA	0000	4
		_I2C1_SetDataCompleteCallback		CODE           	7606	0000	24
		_I2C1_DO_SEND_STOP		CODE           	7780	0000	8
		_I2C1_MasterSendAck		CODE           	77AE	0000	6
		_I2C1_MasterFsm		CODE           	6A4C	0000	100
		_I2C1_MasterGetRxData		CODE           	77D6	0000	4
		_I2C1_MasterSetIrq		CODE           	77D2	0000	4
		_I2C1_DO_SEND_ADR_READ		CODE           	76E4	0000	16
		_I2C1_DO_RX_NACK_STOP		CODE           	7770	0000	8

mcc_generated_files/i2c1_master.c estimated size: 1478

mcc_generated_files/interrupt_manager.c
		_INTERRUPT_Initialize		CODE           	77C6	0000	4
		_INTERRUPT_InterruptManager		CODE           	0008	0000	148

mcc_generated_files/interrupt_manager.c estimated size: 152

mcc_generated_files/tmr0.c
		_TMR0_SetInterruptHandler		CODE           	774E	0000	10
		_TMR0_DefaultInterruptHandler		CODE           	7806	0000	2
		_TMR0_ISR      		CODE           	7164	0000	58
		_TMR0_Initialize		CODE           	72B4	0000	54

mcc_generated_files/tmr0.c estimated size: 124

Driver_LCD.c
		_DRV_LCD_Cmd   		CODE           	751A	0000	30
		_DRV_LCD_Data  		CODE           	6C2A	0000	92
		_DRV_LCD_Init  		CODE           	582C	0000	236
		_DRV_LCD_WriteString		CODE           	7028	0000	64
		_DRV_LCD_Clear 		CODE           	75D6	0000	24
		_DRV_LCD_WriteChar		CODE           	7246	0000	56
		_DRV_LCD_SetCursor		CODE           	5644	0000	248

Driver_LCD.c estimated size: 750

mcc_generated_files/pin_manager.c
		_PIN_MANAGER_Initialize		CODE           	731E	0000	46

mcc_generated_files/pin_manager.c estimated size: 46

ServiceADT7410.c
		_SRV_ADT7410_Init		CODE           	4E08	0000	292
		_SRV_ADT7410_On		CODE           	77CA	0000	4
		_SRV_ADT7410_ReadMeanSensor		CODE           	226E	0000	1618
		_SRV_ADT7410_Off		CODE           	77CE	0000	4
		_SRV_ADT7410_Run		CODE           	4CDC	0000	300
		_SRV_ADT7410_GetTemperature		CODE           	573C	0000	240
		_SRV_ADT7410_multiplex_on		CODE           	6D38	0000	88
		_SRV_ADT7410_multiplex_off		CODE           	7758	0000	8
		_SRV_ADT7410_SetErrorSensor		CODE           	6CE0	0000	88
		_SRV_ADT7410_Read		CODE           	6ED2	0000	72

ServiceADT7410.c estimated size: 2714

C:\Program Files\Microchip\xc8\v2.32\pic\sources\c99\common\atoi.c
		_atoi          		CODE           	45C0	0000	400

C:\Program Files\Microchip\xc8\v2.32\pic\sources\c99\common\atoi.c estimated size: 400

C:\Program Files\Microchip\xc8\v2.32\pic\sources\c99\common\nf_fputs.c
		_fputs         		CODE           	6F60	0000	68

C:\Program Files\Microchip\xc8\v2.32\pic\sources\c99\common\nf_fputs.c estimated size: 68

C:\Program Files\Microchip\xc8\v2.32\pic\sources\c99\common\fleq.c
		___fleq        		CODE           	6394	0000	170

C:\Program Files\Microchip\xc8\v2.32\pic\sources\c99\common\fleq.c estimated size: 170

mcc_generated_files/adc.c
		_ADC_Initialize		CODE           	7636	0000	22

mcc_generated_files/adc.c estimated size: 22

C:\Program Files\Microchip\xc8\v2.32\pic\sources\c99\common\putch.c
		_putch         		CODE           	7802	0000	2

C:\Program Files\Microchip\xc8\v2.32\pic\sources\c99\common\putch.c estimated size: 2

C:\Program Files\Microchip\xc8\v2.32\pic\sources\c99\common\__fpclassifyf.c
		___fpclassifyf 		CODE           	5546	0000	254

C:\Program Files\Microchip\xc8\v2.32\pic\sources\c99\common\__fpclassifyf.c estimated size: 254

C:\Program Files\Microchip\xc8\v2.32\pic\sources\c99\common\isupper.c
		_isupper       		CODE           	719E	0000	56

C:\Program Files\Microchip\xc8\v2.32\pic\sources\c99\common\isupper.c estimated size: 56

C:\Program Files\Microchip\xc8\v2.32\pic\sources\c99\common\Umul16.c
		___wmul        		CODE           	7454	0000	38

C:\Program Files\Microchip\xc8\v2.32\pic\sources\c99\common\Umul16.c estimated size: 38

C:\Program Files\Microchip\xc8\v2.32\pic\sources\c99\common\abs.c
		_abs           		CODE           	6FE8	0000	64

C:\Program Files\Microchip\xc8\v2.32\pic\sources\c99\common\abs.c estimated size: 64

C:\Program Files\Microchip\xc8\v2.32\pic\sources\c99\common\aomod.c
		___aomod       		CODE           	48D8	0000	356

C:\Program Files\Microchip\xc8\v2.32\pic\sources\c99\common\aomod.c estimated size: 356

Driver_DirectNet.c
		_convertFloatToBuffer		CODE           	60E2	0000	174
		_DirectNet_Run 		CODE           	1346	0000	1992
		_calculateLRC  		CODE           	72EA	0000	52
		_DirectNet_Send		CODE           	6E86	0000	76
		_DirectNet_Init		CODE           	7804	0000	2
		_DirectNet_enviaDadosSensores		CODE           	4F2C	0000	266
		_DirectNet_enviaDadosDDDTCO2		CODE           	5F76	0000	188

Driver_DirectNet.c estimated size: 2750

C:\Program Files\Microchip\xc8\v2.32\pic\sources\c99\common\isspace.c
		_isspace       		CODE           	6DE6	0000	82

C:\Program Files\Microchip\xc8\v2.32\pic\sources\c99\common\isspace.c estimated size: 82

C:\Program Files\Microchip\xc8\v2.32\pic\sources\c99\common\strncmp.c
		_strncmp       		CODE           	5918	0000	214

C:\Program Files\Microchip\xc8\v2.32\pic\sources\c99\common\strncmp.c estimated size: 214

C:\Program Files\Microchip\xc8\v2.32\pic\sources\c99\common\tolower.c
		_tolower       		CODE           	6B10	0000	96

C:\Program Files\Microchip\xc8\v2.32\pic\sources\c99\common\tolower.c estimated size: 96

shared
		i2_SRV_TIMER_GetTick		CODE           	758C	0000	26
		__initialization		CODE           	66AE	0000	124
		_i2c1_fsmStateTable		SMALLCONST     	0601	0000	32

shared estimated size: 182

mcc_generated_files/eusart1.c
		_EUSART1_is_tx_done		CODE           	7676	0000	20
		_EUSART1_SetRxInterruptHandler		CODE           	7726	0000	10
		_EUSART1_is_rx_ready		CODE           	761E	0000	24
		_EUSART1_Initialize		CODE           	6B70	0000	94
		_EUSART1_DefaultErrorHandler		CODE           	77C0	0000	6
		_EUSART1_SetFramingErrorHandler		CODE           	773A	0000	10
		_EUSART1_Read  		CODE           	6D90	0000	86
		_EUSART1_SetOverrunErrorHandler		CODE           	7730	0000	10
		_EUSART1_SetErrorHandler		CODE           	7744	0000	10
		_EUSART1_Write 		CODE           	764C	0000	22
		_EUSART1_Receive_ISR		CODE           	5D2A	0000	198
		_EUSART1_RxDataHandler		CODE           	7428	0000	44
		_EUSART1_DefaultOverrunErrorHandler		CODE           	77BA	0000	6
		_EUSART1_DefaultFramingErrorHandler		CODE           	7808	0000	2

mcc_generated_files/eusart1.c estimated size: 542

C:\Program Files\Microchip\xc8\v2.32\pic\sources\c99\common\sprcmul.c
		___flmul       		CODE           	3752	0000	1066

C:\Program Files\Microchip\xc8\v2.32\pic\sources\c99\common\sprcmul.c estimated size: 1066

C:\Program Files\Microchip\xc8\v2.32\pic\sources\c99\common\awmod.c
		___awmod       		CODE           	6032	0000	176

C:\Program Files\Microchip\xc8\v2.32\pic\sources\c99\common\awmod.c estimated size: 176

mcc_generated_files/mcc.c
		_OSCILLATOR_Initialize		CODE           	7556	0000	28
		_SYSTEM_Initialize		CODE           	74C0	0000	30

mcc_generated_files/mcc.c estimated size: 58

C:\Program Files\Microchip\xc8\v2.32\pic\sources\c99\common\sprcdiv.c
		___fldiv       		CODE           	3B7C	0000	924

C:\Program Files\Microchip\xc8\v2.32\pic\sources\c99\common\sprcdiv.c estimated size: 924

SRV_Display.c
		_SRV_Display_SetCursor		CODE           	76B2	0000	18
		_SRV_Display_Init		CODE           	74FC	0000	30
		_SRV_Display_Write		CODE           	74DE	0000	30
		_SRV_Display_Clear		CODE           	77A8	0000	6

SRV_Display.c estimated size: 84

C:\Program Files\Microchip\xc8\v2.32\pic\sources\c99\common\Umul32.c
		___lmul        		CODE           	69E2	0000	106

C:\Program Files\Microchip\xc8\v2.32\pic\sources\c99\common\Umul32.c estimated size: 106

C:\Program Files\Microchip\xc8\v2.32\pic\sources\c99\common\fltol.c
		___fltol       		CODE           	5036	0000	262

C:\Program Files\Microchip\xc8\v2.32\pic\sources\c99\common\fltol.c estimated size: 262

mcc_generated_files/memory.c
		_DATAEE_WriteByte		CODE           	7068	0000	64
		_DATAEE_ReadByte		CODE           	768A	0000	20

mcc_generated_files/memory.c estimated size: 84

App_HTAD.c
		_decrementDigit		CODE           	5446	0000	256
		_readKeypad    		CODE           	4A3C	0000	354
		_App_HTAD_run  		CODE           	6AB0	0000	96
		_incrementDigit		CODE           	5346	0000	256
		_App_HTAD_Home 		CODE           	3322	0000	1072
		_App_HTAD_init 		CODE           	6830	0000	112
		_gravarDadosNaEEPROM		CODE           	6E38	0000	78
		_lerDadosDaEEPROM		CODE           	658A	0000	150
		_App_HTAD_MenuAjusteErro		CODE           	28C0	0000	1442
		_moveCursor    		CODE           	5AC4	0000	212

App_HTAD.c estimated size: 4028

C:\Program Files\Microchip\xc8\v2.32\pic\sources\c99\common\xxtofl.c
		___xxtofl      		CODE           	440C	0000	436

C:\Program Files\Microchip\xc8\v2.32\pic\sources\c99\common\xxtofl.c estimated size: 436

C:\Program Files\Microchip\xc8\v2.32\pic\sources\c99\common\nf_fputc.c
		_fputc         		CODE           	5B98	0000	202

C:\Program Files\Microchip\xc8\v2.32\pic\sources\c99\common\nf_fputc.c estimated size: 202

C:\Program Files\Microchip\xc8\v2.32\pic\sources\c99\common\aodiv.c
		___aodiv       		CODE           	4750	0000	392

C:\Program Files\Microchip\xc8\v2.32\pic\sources\c99\common\aodiv.c estimated size: 392

ServiceTimer.c
		_SRV_TIMER_GetTick		CODE           	7572	0000	26
		_SRV_TIMER_Init		CODE           	75BE	0000	24
		_SRV_TIMER_TickInterrupt		CODE           	7128	0000	60

ServiceTimer.c estimated size: 110

C:\Program Files\Microchip\xc8\v2.32\pic\sources\c99\common\__lldiv.c
		___lldiv       		CODE           	64E6	0000	164

C:\Program Files\Microchip\xc8\v2.32\pic\sources\c99\common\__lldiv.c estimated size: 164

main.c
		_main          		CODE           	75A6	0000	24

main.c estimated size: 24

DriverADT7410TRZ.c
		_rdBlkRegCompleteHandler@DriverADT7410TRZ$F2621		CODE           	70A8	0000	64
		_DRV_ADT7410_Read		CODE           	513C	0000	262

DriverADT7410TRZ.c estimated size: 326

C:\Program Files\Microchip\xc8\v2.32\pic\sources\c99\common\strlen.c
		_strlen        		CODE           	727E	0000	54

C:\Program Files\Microchip\xc8\v2.32\pic\sources\c99\common\strlen.c estimated size: 54

C:\Program Files\Microchip\xc8\v2.32\pic\sources\c99\common\flge.c
		___flge        		CODE           	5242	0000	260

C:\Program Files\Microchip\xc8\v2.32\pic\sources\c99\common\flge.c estimated size: 260

C:\Program Files\Microchip\xc8\v2.32\pic\sources\c99\common\floorf.c
		_floorf        		CODE           	41F6	0000	534

C:\Program Files\Microchip\xc8\v2.32\pic\sources\c99\common\floorf.c estimated size: 534

C:\Program Files\Microchip\xc8\v2.32\pic\sources\c99\common\strcpy.c
		_strcpy        		CODE           	6BCE	0000	92

C:\Program Files\Microchip\xc8\v2.32\pic\sources\c99\common\strcpy.c estimated size: 92

